---
source: cargo-smart-release/tests/changelog/write_and_parse/mod.rs
expression: md

---
# Changelog

my very own header

## Unreleased

<csr-unknown>
hello
world
<csr-unknown/>
#### v1.0.2-beta.2 (1970-01-01)

* hello world
	this
##### Thanks Clippy

<csr-read-only-do-not-edit/>

[Clippy](https://github.com/rust-lang/rust-clippy) helped 42 times to make code idiomatic. 

##### Commit Statistics

<csr-read-only-do-not-edit/>

 - 100 commits contributed to the release over the course of 32 calendar days.
 - 20 commits where understood as [conventional](https://www.conventionalcommits.org).
 - 3 unique issues were worked on

##### Commit Details

<csr-read-only-do-not-edit/>

<details><summary>view details</summary>

 * **#42**
    - Just the title (e69de29bb2d1d6434b8b29ae775ad8c2e48c5392)
    - another title (e69de29bb2d1d6434b8b29ae775ad8c2e48c5391)
 * **Uncategorized**
    - Just the title (e69de29bb2d1d6434b8b29ae775ad8c2e48c5391)
    - title and body (e69de29bb2d1d6434b8b29ae775ad8c2e48c5392)
</details>


