---
source: cargo-smart-release/tests/changelog/write_and_parse/mod.rs
expression: md

---
# Changelog

my very own header

## Unreleased

<csr-unknown>
hello
world
<csr-unknown/>
#### v1.0.2-beta.2 (1970-01-01)

* hello world
	this
##### Thanks Clippy

<csr-read-only-do-not-edit/>
[Clippy](https://github.com/rust-lang/rust-clippy) is a linter to help keeping code idiomatic. It was helpful 42 times in this release.

##### Commit Statistics

<csr-read-only-do-not-edit/>
 - 100 commits contributed to the release over the course of 32 calendar days.
 - 20 commits where understood as [conventional](https://www.conventionalcommits.org).
 - 3 unique issues were worked on


